==111183== Memcheck, a memory error detector
==111183== Copyright (C) 2002-2022, and GNU GPL'd, by Julian Seward et al.
==111183== Using Valgrind-3.22.0 and LibVEX; rerun with -h for copyright info
==111183== Command: ./schedsim -i workload.txt --compare -m mlfq.conf
==111183== Parent PID: 111028
==111183== 
==111183== 
==111183== Process terminating with default action of signal 2 (SIGINT)
==111183==    at 0x49815A2: write (write.c:26)
==111183==    by 0x48F8974: _IO_file_write@@GLIBC_2.2.5 (fileops.c:1181)
==111183==    by 0x48F7570: new_do_write (fileops.c:449)
==111183==    by 0x48F7570: _IO_do_write@@GLIBC_2.2.5 (fileops.c:426)
==111183==    by 0x48F7F7A: _IO_file_overflow@@GLIBC_2.2.5 (fileops.c:779)
==111183==    by 0x48C5AF9: __printf_buffer_flush_to_file (printf_buffer_to_file.c:74)
==111183==    by 0x48C57E4: __printf_buffer_do_flush (printf_buffer_flush.c:53)
==111183==    by 0x48C57E4: __printf_buffer_flush (Xprintf_buffer_flush.c:65)
==111183==    by 0x48C58D5: __printf_buffer_pad_1 (Xprintf_buffer_pad_1.c:33)
==111183==    by 0x48CF878: __printf_buffer_pad (printf_buffer.h:164)
==111183==    by 0x48CF878: __printf_buffer (vfprintf-process-arg.c:465)
==111183==    by 0x48D073A: __vfprintf_internal (vfprintf-internal.c:1544)
==111183==    by 0x48C51B2: printf (printf.c:33)
==111183==    by 0x10A475: log_step (logger.c:8)
==111183==    by 0x109C1B: run_simulation (simulator.c:65)
==111183== 
==111183== HEAP SUMMARY:
==111183==     in use at exit: 5,056 bytes in 3 blocks
==111183==   total heap usage: 8 allocs, 5 frees, 14,320 bytes allocated
==111183== 
==111183== 360 bytes in 1 blocks are still reachable in loss record 1 of 3
==111183==    at 0x4846828: malloc (in /usr/libexec/valgrind/vgpreload_memcheck-amd64-linux.so)
==111183==    by 0x10B8A9: run_comparative_analysis (comparison.c:33)
==111183==    by 0x10AE4D: main (main.c:102)
==111183== 
==111183== 600 bytes in 1 blocks are still reachable in loss record 2 of 3
==111183==    at 0x4846828: malloc (in /usr/libexec/valgrind/vgpreload_memcheck-amd64-linux.so)
==111183==    by 0x10A65C: load_processes (process.c:18)
==111183==    by 0x10ADE4: main (main.c:93)
==111183== 
==111183== 4,096 bytes in 1 blocks are still reachable in loss record 3 of 3
==111183==    at 0x4846828: malloc (in /usr/libexec/valgrind/vgpreload_memcheck-amd64-linux.so)
==111183==    by 0x48EA1B4: _IO_file_doallocate (filedoalloc.c:101)
==111183==    by 0x48FA523: _IO_doallocbuf (genops.c:347)
==111183==    by 0x48F7F8F: _IO_file_overflow@@GLIBC_2.2.5 (fileops.c:745)
==111183==    by 0x48F8AAE: _IO_new_file_xsputn (fileops.c:1244)
==111183==    by 0x48F8AAE: _IO_file_xsputn@@GLIBC_2.2.5 (fileops.c:1197)
==111183==    by 0x48ECC5C: puts (ioputs.c:40)
==111183==    by 0x10AE38: main (main.c:101)
==111183== 
==111183== LEAK SUMMARY:
==111183==    definitely lost: 0 bytes in 0 blocks
==111183==    indirectly lost: 0 bytes in 0 blocks
==111183==      possibly lost: 0 bytes in 0 blocks
==111183==    still reachable: 5,056 bytes in 3 blocks
==111183==         suppressed: 0 bytes in 0 blocks
==111183== 
==111183== For lists of detected and suppressed errors, rerun with: -s
==111183== ERROR SUMMARY: 0 errors from 0 contexts (suppressed: 0 from 0)
